[     422ms] [LOG] [DateFmt] Loaded. Use DateFmt.fmtDate(ts), DateFmt.fmtRelative(ts), dll. @ http://localhost:8899/utils/dateFmt.js:129
[     422ms] [LOG] [VirtualList] Loaded. Use: new VirtualList({ container, items, renderItem, itemHeight }) @ http://localhost:8899/utils/virtualList.js:172
[     422ms] [LOG] [FirestoreService] Loaded. Use FirestoreService.getInstance(db, nsFn) @ http://localhost:8899/services/firestoreService.js:248
[     436ms] [LOG] [App] Fresh install v2.0.0 — localStorage cleared (tenant preserved) @ http://localhost:8899/index.html:1500
[     438ms] [LOG] [NFC] Background listener patch loaded. Enabled: true @ http://localhost:8899/index.html:12368
[     439ms] [WARNING] [2026-08-11T05:33:33.239Z]  @firebase/firestore: Firestore (10.12.2): enableMultiTabIndexedDbPersistence() will be deprecated in the future, you can use `FirestoreSettings.cache` instead. @ https://www.gstatic.com/firebasejs/10.12.2/firebase-firestore-compat.js:0
[     439ms] [WARNING] [2026-08-11T05:33:33.239Z]  @firebase/firestore: Firestore (10.12.2): You are overriding the original host. If you did not intend to override your settings, use {merge: true}. @ https://www.gstatic.com/firebasejs/10.12.2/firebase-firestore-compat.js:0
[     439ms] [LOG] [ErrorBoundary] Global error handlers installed @ http://localhost:8899/index.html:14048
[     450ms] [LOG] [Desktop v2] Wiring aktif. Fixes: FAB removed, sheet close ✕, chat modal, absensi 1-col. @ http://localhost:8899/index.html:14294
[     588ms] [VERBOSE] [DOM] Password field is not contained in a form: (More info: https://goo.gl/9p2vKq) %o @ http://localhost:8899/index.html:0
[     637ms] [ERROR] Failed to load resource: the server responded with a status of 501 (Unsupported method ('POST')) @ http://localhost:8899/cdn-cgi/rum?:0
[     640ms] [INFO] Banner not shown: beforeinstallpromptevent.preventDefault() called. The page must call beforeinstallpromptevent.prompt() to show the banner. @ http://localhost:8899/index.html:0
[     646ms] [LOG] [PWA] Service Worker registered: http://localhost:8899/ @ http://localhost:8899/index.html:12391
[    1300ms] [LOG] [DateFmt] Loaded. Use DateFmt.fmtDate(ts), DateFmt.fmtRelative(ts), dll. @ http://localhost:8899/utils/dateFmt.js:129
[    1300ms] [LOG] [VirtualList] Loaded. Use: new VirtualList({ container, items, renderItem, itemHeight }) @ http://localhost:8899/utils/virtualList.js:172
[    1300ms] [LOG] [FirestoreService] Loaded. Use FirestoreService.getInstance(db, nsFn) @ http://localhost:8899/services/firestoreService.js:248
[    1303ms] [LOG] [NFC] Background listener patch loaded. Enabled: true @ http://localhost:8899/index.html:12368
[    1303ms] [WARNING] [2026-08-11T05:33:34.104Z]  @firebase/firestore: Firestore (10.12.2): enableMultiTabIndexedDbPersistence() will be deprecated in the future, you can use `FirestoreSettings.cache` instead. @ https://www.gstatic.com/firebasejs/10.12.2/firebase-firestore-compat.js:0
[    1303ms] [WARNING] [2026-08-11T05:33:34.104Z]  @firebase/firestore: Firestore (10.12.2): You are overriding the original host. If you did not intend to override your settings, use {merge: true}. @ https://www.gstatic.com/firebasejs/10.12.2/firebase-firestore-compat.js:0
[    1303ms] [LOG] [ErrorBoundary] Global error handlers installed @ http://localhost:8899/index.html:14048
[    1304ms] [LOG] [Desktop v2] Wiring aktif. Fixes: FAB removed, sheet close ✕, chat modal, absensi 1-col. @ http://localhost:8899/index.html:14294
[    1306ms] [VERBOSE] [DOM] Password field is not contained in a form: (More info: https://goo.gl/9p2vKq) %o @ http://localhost:8899/index.html:0
[    1311ms] [ERROR] Failed to load resource: the server responded with a status of 501 (Unsupported method ('POST')) @ http://localhost:8899/cdn-cgi/rum?:0
[    1318ms] [LOG] [PWA] Service Worker registered: http://localhost:8899/ @ http://localhost:8899/index.html:12391
[    1323ms] [INFO] Banner not shown: beforeinstallpromptevent.preventDefault() called. The page must call beforeinstallpromptevent.prompt() to show the banner. @ http://localhost:8899/index.html:0
[    2310ms] [LOG] [FB Listeners v19] Started for 9 stores (gen 2) — active listeners: 9 @ http://localhost:8899/index.html:13585
[    2507ms] [LOG] [FB Listeners] Stopped @ http://localhost:8899/index.html:13623
[    2507ms] [LOG] [FB Listeners v19] Started for 9 stores (gen 4) — active listeners: 9 @ http://localhost:8899/index.html:13585
[   23456ms] [WARNING] [2026-08-11T05:33:56.257Z]  @firebase/firestore: Firestore (10.12.2): You are overriding the original host. If you did not intend to override your settings, use {merge: true}. @ https://www.gstatic.com/firebasejs/10.12.2/firebase-firestore-compat.js:0
